// Jest Snapshot v1, https://goo.gl/fbAQLP

exports[`render Videos component when videos not found 1`] = `
<div>
  <p
    class="text-sm"
  >
    No video available.
  </p>
</div>
`;
