// Jest Snapshot v1, https://goo.gl/fbAQLP

exports[`Pagination render Pagination not found 1`] = `
<div>
  <div />
</div>
`;
